73,"i",1,1,"Homer","Simpson",39
73,"u",2,2,"Marge","Simpson",36
73,"i",3,8,"Bart","Simpson",10
