73,"i",1,1,"HOMER","SIMPSON",39
73,"u",2,2,"MARGE","SIMPSON",36
73,"i",3,8,"BART","SIMPSON",10
