74,"u","1 Evergreen Terrace",1
74,"u","Springfield Nuclear Powerplant",5
74,"i","2 Evergreen Terrace",6
73,"u",5,"Montgomery","Burns",123
73,"u",6,"Ned","Flanders",60
73,"u",8,"Bart","Simpson",10
