73,"i",1,1,"Homer","Simpson",39
73,"u",2,2,"Marge","Simpson",36
73,"i",3,5,"Montgomery","Burns",123
73,"i",4,6,"Ned","Flanders",60
73,"i",5,8,"Bart","Simpson",10
