73,"i",1,1,"HOMER","SIMPSON",39
73,"u",2,2,"MARGE","SIMPSON",36
73,"i",3,5,"MONTGOMERY","BURNS",123
73,"i",4,6,"NED","FLANDERS",60
73,"i",5,8,"BART","SIMPSON",10
