"a string",1,"another string",999
73,"i",2,1,"Homer","Simpson",39
73,"u",3,2,"Marge","Simpson",36
73,"i",4,5,"Montgomery","Burns",123
73,"i",5,6,"Ned","Flanders",60
73,"i",6,8,"Bart","Simpson",10
"all done",7,0,0
